# serializer version: 1
# name: TestSchNet.test_energy_force_shape
  Size(
    1,
  )
# ---
# name: TestSchNet.test_energy_force_shape.1
  Approx(
    array([-5.4834294], dtype=float32),
    rtol=0.001,
    atol=0.001
  )
# ---
# name: TestSchNet.test_energy_force_shape.2
  Size(
    34,
    3,
  )
# ---
# name: TestSchNet.test_energy_force_shape.3
  Approx(
    array([[ 1.92584097e-01, -2.41746366e-01,  2.98944056e-01],
           [-1.70239031e-01, -2.61918269e-02, -3.37326646e-01],
           [ 1.66453496e-01, -3.17063630e-01,  7.55078316e-01],
           [-7.08534708e-03, -1.82399396e-02, -6.90888092e-02],
           [-4.18034077e-01,  5.01857042e-01, -1.95073783e-01],
           [-2.61729248e-02, -6.70451224e-02, -1.02554262e-01],
           [-3.09667617e-01, -3.46788049e-01,  1.92244768e-01],
           [ 4.20082081e-03, -3.75027768e-03, -3.52542847e-04],
           [ 2.94753909e-03,  9.95896980e-02,  1.00518614e-02],
           [-2.62443945e-02,  6.74673915e-02, -1.03242442e-01],
           [ 1.11402161e-02,  1.67458132e-02,  1.95097178e-03],
           [ 3.65285017e-02,  9.20085981e-02, -2.15489775e-01],
           [ 7.73691908e-02,  2.89178759e-01,  1.39776301e+00],
           [-3.43479633e-01,  7.32435703e-01, -4.46479410e-01],
           [ 5.30380495e-02, -5.29454231e-01,  5.80309868e-01],
           [-2.56457366e-03,  1.57787446e-02, -3.35295536e-02],
           [ 3.03548485e-01,  1.73613355e-01,  1.42041475e-01],
           [ 3.64362970e-02, -9.21927989e-02, -2.15180784e-01],
           [-9.22279060e-03,  1.87575817e-02,  6.13277778e-02],
           [-2.30584294e-03, -3.43040526e-02,  5.71593821e-01],
           [-2.17402756e-01, -2.50463545e-01, -9.74546134e-01],
           [ 1.71874493e-01,  3.36011797e-02, -2.36118391e-01],
           [-1.37498230e-03, -2.40749419e-02,  6.24243021e-02],
           [-2.23504007e-03,  3.39954793e-02,  5.71840882e-01],
           [-8.38689506e-02, -1.14767134e-01, -2.62928009e-02],
           [ 3.26499820e-01,  2.09019974e-01, -1.54383048e-01],
           [ 3.98813188e-03,  2.42942721e-02,  6.77627325e-02],
           [ 5.88949025e-03, -4.05099839e-02,  6.04023576e-01],
           [ 3.34081084e-01, -2.30948329e-02, -9.03338790e-01],
           [-5.38587809e-01, -9.75839421e-02, -8.72324944e-01],
           [ 1.67467415e-01,  2.76845694e-03, -3.66583839e-02],
           [ 5.77127188e-03, -1.91732943e-02,  7.28205442e-02],
           [ 2.52768546e-01, -1.05491593e-01, -1.07253873e+00],
           [ 5.89896739e-03,  4.08234149e-02,  6.04341328e-01]], dtype=float32),
    rtol=0.001,
    atol=0.001
  )
# ---
