# name: TestCalculatorRelaxation.test_relaxation_final_energy
  0.92
# ---
