# serializer version: 1
# name: test_relaxation_final_energy
  0.92
# ---
