# name: TestForceNet.test_energy_force_shape
  Size(
    1,
    1,
  )
# ---
# name: TestForceNet.test_energy_force_shape.1
  Approx(
  	array([[5.4464083]], dtype=float32)
  )
# ---
# name: TestForceNet.test_energy_force_shape.2
  Size(
    34,
    3,
  )
# ---
# name: TestForceNet.test_energy_force_shape.3
  Approx(
  	array([[-1.30544817e+00, -1.49980092e+00,  2.58076763e+00],
  	       [-1.56487048e-01,  1.21984780e-01,  5.30002713e-01],
  	       [ 2.38139129e+00,  4.72385049e-01,  2.54773617e+00],
  	       [-4.32623863e-01, -4.87135053e-01,  2.76770496e+00],
  	       [ 1.39428461e+00,  6.48864388e-01,  6.26993179e-01],
  	       [ 4.07347471e-01,  1.23799689e-01, -5.07026792e-01],
  	       [ 2.25082827e+00,  9.96077657e-02,  1.82430422e+00],
  	       [-3.89873087e-01, -5.24788022e-01,  2.83203650e+00],
  	       [-7.49948323e-02,  1.06079209e+00,  5.90661526e-01],
  	       [ 3.96642715e-01,  1.45493388e-01, -4.97148573e-01],
  	       [-2.75852084e-02, -1.35263979e+00,  3.46320987e-01],
  	       [ 1.14955910e-01,  1.54354393e-01,  7.60127604e-01],
  	       [ 9.49162841e-01, -9.56393898e-01, -1.52243674e-01],
  	       [ 6.18018210e-01, -8.03342938e-01,  4.35517371e-01],
  	       [ 1.03898096e+00, -7.93570936e-01, -1.10788167e-01],
  	       [-9.31364298e-02, -1.40183270e+00,  2.39522368e-01],
  	       [ 6.57854915e-01, -4.57121521e-01,  3.02878112e-01],
  	       [ 1.14108153e-01,  1.36927634e-01,  7.50466406e-01],
  	       [ 5.74506104e-01, -2.99378604e-01, -1.67183876e-01],
  	       [ 1.42032638e-01, -1.20734669e-01,  7.83950210e-01],
  	       [-1.45273298e-01,  1.05403699e-01,  1.37604153e+00],
  	       [ 2.53411889e-01, -2.43154675e-01,  3.51213545e-01],
  	       [ 5.22605896e-01, -3.22370619e-01, -1.23302817e-01],
  	       [ 1.19088799e-01, -1.06448963e-01,  7.81443238e-01],
  	       [-4.69261706e-02, -2.09370628e-03,  1.46875441e+00],
  	       [ 2.96553016e-01, -3.83107215e-01,  5.76262951e-01],
  	       [ 6.58208549e-01, -1.03099659e-01, -1.22475326e-01],
  	       [ 1.00546025e-01, -8.82540047e-02,  9.23259616e-01],
  	       [-1.48815066e-01, -2.76506990e-01,  1.26217115e+00],
  	       [ 3.05881441e-01, -2.15618253e-01,  2.10024521e-01],
  	       [ 1.36593431e-01, -3.22298646e-01,  1.27883935e+00],
  	       [ 6.13107383e-01, -5.51185012e-02, -2.86964476e-02],
  	       [ 2.06872270e-01, -1.47157997e-01,  2.15230256e-01],
  	       [ 7.88176805e-02, -8.68521333e-02,  9.16256189e-01]], dtype=float32)
  )
# ---
