# name: TestGemNetOC.test_energy_force_shape
  Size(
    1,
  )
# ---
# name: TestGemNetOC.test_energy_force_shape.1
  Approx(
  	array([0.05976763], dtype=float32)
  )
# ---
# name: TestGemNetOC.test_energy_force_shape.2
  Size(
    34,
    3,
  )
# ---
# name: TestGemNetOC.test_energy_force_shape.3
  Approx(
  	array([[-0.01565197, -0.00906339,  0.02557305],
  	       [-0.0276756 , -0.00339622, -0.01670166],
  	       [-0.00513399, -0.01340215, -0.02776764],
  	       [ 0.0167798 ,  0.02109457, -0.07046591],
  	       [ 0.00189061,  0.01565336, -0.03865878],
  	       [ 0.02498426,  0.04165749, -0.07992381],
  	       [ 0.00588416,  0.01703149, -0.02247796],
  	       [ 0.01662521, -0.02046375, -0.0946758 ],
  	       [ 0.05743103, -0.00689543,  0.02919763],
  	       [ 0.02535299, -0.04247025, -0.07936587],
  	       [-0.00362939, -0.0010459 , -0.02357624],
  	       [-0.02289579, -0.03455767, -0.07460248],
  	       [ 0.01777059,  0.00949161,  0.04692052],
  	       [ 0.00743628, -0.02891731, -0.00174833],
  	       [-0.01541256,  0.03000411,  0.10616676],
  	       [-0.00328496,  0.00335687, -0.02452255],
  	       [ 0.01408599, -0.01194764, -0.00303976],
  	       [-0.02339223,  0.03420214, -0.07335933],
  	       [-0.02742678,  0.02457595,  0.08851591],
  	       [-0.00465523,  0.01404552,  0.01092728],
  	       [ 0.00078778,  0.00438715,  0.02250567],
  	       [-0.01212098,  0.00118569,  0.00698295],
  	       [-0.02876237, -0.02612069,  0.08894789],
  	       [-0.00365539, -0.01491504,  0.01382371],
  	       [-0.02721602, -0.01951971,  0.02940147],
  	       [-0.01804939, -0.00540495,  0.01060654],
  	       [ 0.01114192,  0.00849383,  0.03842851],
  	       [ 0.00670466,  0.01588664, -0.00815901],
  	       [ 0.00648732, -0.00378032, -0.00089826],
  	       [-0.02769482,  0.03015776,  0.00436287],
  	       [ 0.0106617 , -0.00929041,  0.00956215],
  	       [ 0.00833678, -0.01173691,  0.04838438],
  	       [ 0.03862672,  0.03938209, -0.03861057],
  	       [ 0.00708717, -0.01711058, -0.00938919]], dtype=float32)
  )
# ---
