# name: TestSchNet.test_energy_force_shape
  Size(
    1,
    1,
  )
# ---
# name: TestSchNet.test_energy_force_shape.1
  Approx(
  	array([[-5.483429]], dtype=float32)
  )
# ---
# name: TestSchNet.test_energy_force_shape.2
  Size(
    34,
    3,
  )
# ---
# name: TestSchNet.test_energy_force_shape.3
  Approx(
  	array([[ 1.92584217e-01, -2.41746485e-01,  2.98944712e-01],
  	       [-1.70239031e-01, -2.61918530e-02, -3.37327063e-01],
  	       [ 1.66453853e-01, -3.17063838e-01,  7.55078435e-01],
  	       [-7.08544767e-03, -1.82398688e-02, -6.90884739e-02],
  	       [-4.18034524e-01,  5.01857579e-01, -1.95073575e-01],
  	       [-2.61729881e-02, -6.70452714e-02, -1.02554381e-01],
  	       [-3.09667796e-01, -3.46787483e-01,  1.92245036e-01],
  	       [ 4.20085154e-03, -3.75020877e-03, -3.52602452e-04],
  	       [ 2.94753909e-03,  9.95900929e-02,  1.00515410e-02],
  	       [-2.62446217e-02,  6.74669966e-02, -1.03242710e-01],
  	       [ 1.11400196e-02,  1.67459548e-02,  1.95101649e-03],
  	       [ 3.65287401e-02,  9.20087546e-02, -2.15489998e-01],
  	       [ 7.73691311e-02,  2.89178759e-01,  1.39776349e+00],
  	       [-3.43479544e-01,  7.32435226e-01, -4.46479976e-01],
  	       [ 5.30380122e-02, -5.29454529e-01,  5.80309868e-01],
  	       [-2.56470032e-03,  1.57785993e-02, -3.35297398e-02],
  	       [ 3.03548455e-01,  1.73613280e-01,  1.42041072e-01],
  	       [ 3.64362709e-02, -9.21925306e-02, -2.15180919e-01],
  	       [-9.22280550e-03,  1.87577158e-02,  6.13273829e-02],
  	       [-2.30593234e-03, -3.43042985e-02,  5.71594000e-01],
  	       [-2.17402920e-01, -2.50463843e-01, -9.74546790e-01],
  	       [ 1.71874315e-01,  3.36009264e-02, -2.36117661e-01],
  	       [-1.37480348e-03, -2.40753442e-02,  6.24244735e-02],
  	       [-2.23489851e-03,  3.39953303e-02,  5.71841240e-01],
  	       [-8.38690847e-02, -1.14767045e-01, -2.62930393e-02],
  	       [ 3.26499701e-01,  2.09019512e-01, -1.54383302e-01],
  	       [ 3.98817658e-03,  2.42945552e-02,  6.77623898e-02],
  	       [ 5.88913262e-03, -4.05097082e-02,  6.04023695e-01],
  	       [ 3.34081471e-01, -2.30947137e-02, -9.03338194e-01],
  	       [-5.38587511e-01, -9.75838453e-02, -8.72324824e-01],
  	       [ 1.67467088e-01,  2.76862085e-03, -3.66581380e-02],
  	       [ 5.77144325e-03, -1.91735476e-02,  7.28204548e-02],
  	       [ 2.52768815e-01, -1.05491355e-01, -1.07253861e+00],
  	       [ 5.89928776e-03,  4.08237502e-02,  6.04341447e-01]], dtype=float32)
  )
# ---
