# name: TestGemNetT.test_energy_force_shape
  Size(
    1,
    1,
  )
# ---
# name: TestGemNetT.test_energy_force_shape.1
  Approx(
  	array([[-2.8309784]], dtype=float32)
  )
# ---
# name: TestGemNetT.test_energy_force_shape.2
  Size(
    34,
    3,
  )
# ---
# name: TestGemNetT.test_energy_force_shape.3
  Approx(
  	array([[-1.9063300e-01, -4.7955269e-01, -4.1163838e-01],
  	       [ 3.2963447e-02, -4.1976303e-02,  1.4681098e-01],
  	       [ 4.5310814e-02, -1.5647057e-02, -3.9135024e-02],
  	       [ 1.4961853e-03, -1.4203560e-02,  3.3883080e-03],
  	       [ 4.6693304e-01,  5.3721493e-01, -3.1852049e-01],
  	       [-8.8010393e-02, -4.9002431e-02,  8.4329851e-02],
  	       [-1.8078296e-02, -5.1812166e-01, -6.4160776e-01],
  	       [ 3.8833320e-03,  3.1418726e-03, -1.2101825e-02],
  	       [-4.2179075e-01, -3.1736892e-01, -8.3664578e-01],
  	       [-8.8227496e-02,  4.9139053e-02,  8.4563583e-02],
  	       [ 9.9142501e-04,  6.5464345e-03, -3.8683496e-02],
  	       [ 1.1314953e-02,  4.9042784e-02, -4.6410507e-01],
  	       [-2.5108865e-01,  3.4118420e-01,  1.9485345e+00],
  	       [-2.9001984e-01, -9.5232567e-03,  6.8808216e-01],
  	       [ 3.1730324e-01,  7.3230848e-02,  9.9207681e-01],
  	       [-2.8140317e-03,  5.3735077e-04, -1.3953466e-02],
  	       [ 3.3537340e-01, -2.2644079e-01, -2.9799128e-01],
  	       [ 1.1551380e-02, -4.9458712e-02, -4.6380383e-01],
  	       [-2.6666662e-01,  4.4628358e-01, -3.6511219e-01],
  	       [-1.9638909e-01,  3.9656147e-01,  8.2290068e-02],
  	       [-2.4544127e-01,  4.1645682e-01, -3.9824256e-01],
  	       [-3.1365227e-02,  3.2322398e-01, -5.5612624e-01],
  	       [-2.6242790e-01, -4.5097196e-01, -3.6955750e-01],
  	       [-1.9644189e-01, -3.9658454e-01,  8.2599446e-02],
  	       [-1.1141943e-03, -1.8397301e-01,  5.0364542e-01],
  	       [ 2.2267769e-01, -4.4530220e-02, -5.3146845e-01],
  	       [ 2.5451428e-01,  4.5904759e-01,  3.7856877e-01],
  	       [ 3.1834924e-01,  3.8487628e-01,  2.8591937e-01],
  	       [ 2.1277699e-01,  4.8441634e-01,  4.5796084e-01],
  	       [-1.1093411e-01,  3.2475430e-01, -5.6391889e-01],
  	       [ 2.6626289e-01, -5.2011424e-01,  7.8410697e-01],
  	       [ 2.5859460e-01, -4.4564921e-01,  3.8762924e-01],
  	       [ 3.4471753e-01, -4.1330525e-01, -2.7253401e-01],
  	       [ 3.1812382e-01, -3.8451308e-01,  2.8622845e-01]], dtype=float32)
  )
# ---
