# name: TestCGCNN.test_energy_force_shape
  Size(
    1,
    1,
  )
# ---
# name: TestCGCNN.test_energy_force_shape.1
  Approx(
  	array([[-0.6980915]], dtype=float32)
  )
# ---
# name: TestCGCNN.test_energy_force_shape.2
  Size(
    34,
    3,
  )
# ---
# name: TestCGCNN.test_energy_force_shape.3
  Approx(
  	array([[ 1.29042644e-04, -1.03389888e-04, -2.33838844e-04],
  	       [ 1.52390960e-04, -3.90381210e-05, -2.31300713e-04],
  	       [-2.48247583e-04, -7.56867666e-06,  5.06239303e-04],
  	       [-8.81828601e-06, -2.43573140e-05, -2.53080367e-03],
  	       [-1.40011718e-04, -3.32475203e-04,  1.00107107e-04],
  	       [-1.09475950e-04, -2.65165028e-04, -1.11474330e-03],
  	       [ 1.30597677e-04, -8.98349172e-05,  3.13808996e-04],
  	       [ 1.28627900e-04,  6.72513852e-05, -2.45574955e-03],
  	       [-7.20664684e-05, -3.13092547e-04,  9.14076518e-05],
  	       [-1.26512998e-04,  2.68732780e-04, -1.09959091e-03],
  	       [-1.11122208e-04, -1.31082925e-04, -2.16848264e-03],
  	       [ 6.11276046e-05,  3.13131430e-04, -1.33579900e-03],
  	       [ 3.69807298e-04,  5.76094666e-04,  1.29816309e-03],
  	       [ 9.49630412e-05,  2.87347677e-04, -1.33989743e-05],
  	       [-2.71516095e-04, -2.59785447e-04,  6.44381391e-04],
  	       [-1.77162394e-04,  5.58188403e-05, -2.30204663e-03],
  	       [ 5.45579416e-04,  1.47891289e-04,  3.03564681e-04],
  	       [ 5.30245889e-05, -3.20222753e-04, -1.39251526e-03],
  	       [ 1.46420571e-04,  4.65057936e-04,  3.19033628e-04],
  	       [ 3.29618313e-04, -6.22679945e-04,  2.59055360e-03],
  	       [-5.35642961e-04, -1.43381127e-04, -3.89138120e-04],
  	       [-1.42356555e-04, -5.93290679e-05,  3.29975854e-04],
  	       [ 6.70946756e-05, -4.98041394e-04,  3.86157626e-04],
  	       [ 2.27281547e-04,  6.65286614e-04,  2.59183953e-03],
  	       [ 1.72746732e-05, -5.10961865e-04, -1.80649557e-04],
  	       [ 1.79107155e-05,  2.37802436e-04,  4.32887988e-04],
  	       [-2.03807416e-04,  5.21945010e-04,  3.83861130e-04],
  	       [-1.84430392e-04, -4.46439662e-04,  2.01875577e-03],
  	       [ 5.46962081e-04,  9.63673301e-05,  1.49810367e-04],
  	       [-8.05375108e-04,  1.44214282e-04, -1.72352011e-04],
  	       [ 2.72394507e-04,  2.14465399e-04,  9.35536169e-04],
  	       [-1.06148575e-04, -4.89991682e-04,  3.53208045e-04],
  	       [ 1.38049887e-04,  1.89953673e-04, -7.36689180e-05],
  	       [-1.85473749e-04,  4.05476603e-04,  1.94478617e-03]], dtype=float32)
  )
# ---
