# serializer version: 1
# name: TestGemNetOC.test_energy_force_shape
  Size(
    1,
  )
# ---
# name: TestGemNetOC.test_energy_force_shape.1
  Approx(
  	array([0.05976767], dtype=float32),
  	rtol=0.001,
  	atol=0.001
  )
# ---
# name: TestGemNetOC.test_energy_force_shape.2
  Size(
    34,
    3,
  )
# ---
# name: TestGemNetOC.test_energy_force_shape.3
  Approx(
  	array([[-0.01565196, -0.00906336,  0.02557313],
  	       [-0.02767561, -0.00339622, -0.01670165],
  	       [-0.00513399, -0.01340216, -0.02776764],
  	       [ 0.0167798 ,  0.02109456, -0.07046594],
  	       [ 0.00189063,  0.0156534 , -0.0386588 ],
  	       [ 0.02498428,  0.04165755, -0.07992382],
  	       [ 0.00588417,  0.0170315 , -0.02247798],
  	       [ 0.01662525, -0.02046376, -0.09467588],
  	       [ 0.05743101, -0.00689538,  0.02919764],
  	       [ 0.025353  , -0.04247024, -0.07936585],
  	       [-0.00362939, -0.0010459 , -0.02357626],
  	       [-0.02289577, -0.03455766, -0.07460248],
  	       [ 0.01777056,  0.00949163,  0.04692052],
  	       [ 0.00743629, -0.0289173 , -0.00174833],
  	       [-0.01541254,  0.03000409,  0.10616669],
  	       [-0.00328499,  0.00335688, -0.02452257],
  	       [ 0.014086  , -0.01194764, -0.00303977],
  	       [-0.02339221,  0.03420216, -0.07335935],
  	       [-0.02742679,  0.02457599,  0.08851597],
  	       [-0.00465523,  0.01404553,  0.01092727],
  	       [ 0.0007878 ,  0.00438717,  0.02250568],
  	       [-0.01212096,  0.00118567,  0.00698292],
  	       [-0.02876235, -0.02612069,  0.08894785],
  	       [-0.00365543, -0.01491505,  0.01382372],
  	       [-0.02721602, -0.01951969,  0.02940144],
  	       [-0.01804941, -0.00540497,  0.01060655],
  	       [ 0.0111419 ,  0.00849382,  0.03842853],
  	       [ 0.00670467,  0.01588663, -0.00815901],
  	       [ 0.00648732, -0.00378032, -0.00089825],
  	       [-0.0276948 ,  0.03015771,  0.00436293],
  	       [ 0.01066172, -0.00929042,  0.00956215],
  	       [ 0.0083368 , -0.01173693,  0.04838441],
  	       [ 0.03862669,  0.03938206, -0.03861053],
  	       [ 0.00708714, -0.0171106 , -0.00938919]], dtype=float32),
  	rtol=0.001,
  	atol=0.001
  )
# ---
